COMMIT=ef0d840ecc18ff6ce175d7850bb0f4c9270adb1f
RUN_ID=30935801217
=== CREATE ANDROID ===
Recreating project ....
  android/settings.gradle.kts (created)
  android/app/src/debug/AndroidManifest.xml (created)
  android/app/src/profile/AndroidManifest.xml (created)
  android/app/src/main/res/values/styles.xml (created)
  android/app/src/main/res/mipmap-hdpi/ic_launcher.png (created)
  android/app/src/main/res/mipmap-xhdpi/ic_launcher.png (created)
  android/app/src/main/res/drawable-v21/launch_background.xml (created)
  android/app/src/main/res/drawable/launch_background.xml (created)
  android/app/src/main/res/mipmap-xxxhdpi/ic_launcher.png (created)
  android/app/src/main/res/mipmap-xxhdpi/ic_launcher.png (created)
  android/app/src/main/res/mipmap-mdpi/ic_launcher.png (created)
  android/app/src/main/res/values-night/styles.xml (created)
  android/app/src/main/AndroidManifest.xml (created)
  android/gradle.properties (created)
  android/gradle/wrapper/gradle-wrapper.properties (created)
  android/.gitignore (created)
  analysis_options.yaml (created)
  gameslocal.iml (created)
  .idea/workspace.xml (created)
  .idea/runConfigurations/main_dart.xml (created)
  .idea/libraries/Dart_SDK.xml (created)
  .idea/libraries/KotlinJavaRuntime.xml (created)
  .idea/modules.xml (created)
  android/build.gradle.kts (created)
  android/app/build.gradle.kts (created)
  android/app/src/main/kotlin/com/explapp/gameslocal/MainActivity.kt (created)
  android/gameslocal_android.iml (created)
  .gitignore (created)
  test/widget_test.dart (created)
Wrote 32 files.

All done!
You can find general documentation for Flutter at: https://docs.flutter.dev/
Detailed API documentation is available at: https://api.flutter.dev/
If you prefer video documentation, consider: https://www.youtube.com/c/flutterdev

In order to run your application, type:

  $ flutter run

Your application code is in ./lib/main.dart.

=== PUB GET ===
Resolving dependencies...
Downloading packages...
+ args 2.7.0
+ async 2.13.1
+ boolean_selector 2.1.2
  characters 1.4.1 (from direct dependency to transitive dependency)
+ clock 1.1.2
  collection 1.19.1 (from direct dependency to transitive dependency)
+ fake_async 1.3.3
+ ffi 2.2.0
+ file 7.0.1
+ flutter 0.0.0 from sdk flutter
+ flutter_lints 6.0.0
+ flutter_svg 2.3.0
+ flutter_test 0.0.0 from sdk flutter
+ flutter_web_plugins 0.0.0 from sdk flutter
+ http 1.6.0
+ http_parser 4.1.2
+ leak_tracker 11.0.2
+ leak_tracker_flutter_testing 3.0.10
+ leak_tracker_testing 3.0.2
+ lints 6.1.0
+ matcher 0.12.19 (0.12.20 available)
  material_color_utilities 0.13.0 (from direct dependency to transitive dependency)
  meta 1.18.0 (from direct dependency to transitive dependency) (1.19.0 available)
+ path 1.9.1
+ path_parsing 1.1.0
+ path_provider_linux 2.2.2
+ path_provider_platform_interface 2.1.3
+ path_provider_windows 2.3.0
+ petitparser 7.0.2
+ platform 3.1.6
+ plugin_platform_interface 2.1.8
+ qr 3.0.2 (4.0.0 available)
+ qr_flutter 4.1.0
+ shared_preferences 2.5.5
+ shared_preferences_android 2.4.27
+ shared_preferences_foundation 2.5.6
+ shared_preferences_linux 2.4.1
+ shared_preferences_platform_interface 2.4.2
+ shared_preferences_web 2.4.3
+ shared_preferences_windows 2.4.1
+ sky_engine 0.0.0 from sdk flutter
+ source_span 1.10.2
+ stack_trace 1.12.1
+ stream_channel 2.1.4
+ string_scanner 1.4.1
+ term_glyph 1.2.2
+ test_api 0.7.11 (0.7.13 available)
+ typed_data 1.4.0
+ vector_graphics 1.2.3
+ vector_graphics_codec 1.1.13
+ vector_graphics_compiler 1.3.0
  vector_math 2.2.0 (from direct dependency to transitive dependency) (2.4.2 available)
+ vm_service 15.2.0
+ web 1.1.1
+ xdg_directories 1.1.0
+ xml 7.0.1
Changed 56 dependencies!
5 packages have newer versions incompatible with dependency constraints.
Try `flutter pub outdated` for more information.
=== ANALYZE ===
Analyzing gameslocal...                                         

   info • Statements in an if should be enclosed in a block. Try wrapping the statement in a block • lib/games/battle/battle_arena_screen.dart:117:9 • curly_braces_in_flow_control_structures
   info • Statements in an if should be enclosed in a block. Try wrapping the statement in a block • lib/games/battle/battle_arena_screen.dart:241:7 • curly_braces_in_flow_control_structures
   info • Statements in an if should be enclosed in a block. Try wrapping the statement in a block • lib/games/battle/battle_arena_screen.dart:324:11 • curly_braces_in_flow_control_structures
   info • 'withOpacity' is deprecated and shouldn't be used. Use .withValues() to avoid precision loss. Try replacing the use of the deprecated member with the replacement • lib/games/battle/battle_arena_screen.dart:746:30 • deprecated_member_use
   info • 'value' is deprecated and shouldn't be used. Use initialValue instead. This will set the initial value for the form field. This feature was deprecated after v3.33.0-1.0.pre. Try replacing the use of the deprecated member with the replacement • lib/games/battle/battle_mode_screen.dart:223:23 • deprecated_member_use
   info • 'withOpacity' is deprecated and shouldn't be used. Use .withValues() to avoid precision loss. Try replacing the use of the deprecated member with the replacement • lib/games/battle/battle_mode_screen.dart:334:47 • deprecated_member_use
   info • 'withOpacity' is deprecated and shouldn't be used. Use .withValues() to avoid precision loss. Try replacing the use of the deprecated member with the replacement • lib/games/battle/battle_mode_screen.dart:336:57 • deprecated_member_use
   info • Statements in an if should be enclosed in a block. Try wrapping the statement in a block • lib/games/cards/cards_game.dart:187:52 • curly_braces_in_flow_control_structures
   info • Statements in an if should be enclosed in a block. Try wrapping the statement in a block • lib/games/cards/cards_game.dart:257:7 • curly_braces_in_flow_control_structures
   info • Statements in an if should be enclosed in a block. Try wrapping the statement in a block • lib/games/cards/cards_game.dart:285:11 • curly_braces_in_flow_control_structures
   info • Statements in an if should be enclosed in a block. Try wrapping the statement in a block • lib/games/cards/cards_game.dart:290:11 • curly_braces_in_flow_control_structures
   info • 'withOpacity' is deprecated and shouldn't be used. Use .withValues() to avoid precision loss. Try replacing the use of the deprecated member with the replacement • lib/games/cards/cards_game.dart:466:61 • deprecated_member_use
   info • 'withOpacity' is deprecated and shouldn't be used. Use .withValues() to avoid precision loss. Try replacing the use of the deprecated member with the replacement • lib/games/cards/cards_game.dart:633:38 • deprecated_member_use
   info • 'withOpacity' is deprecated and shouldn't be used. Use .withValues() to avoid precision loss. Try replacing the use of the deprecated member with the replacement • lib/games/cards/cards_game.dart:677:61 • deprecated_member_use
   info • 'withOpacity' is deprecated and shouldn't be used. Use .withValues() to avoid precision loss. Try replacing the use of the deprecated member with the replacement • lib/games/cards/cards_game.dart:682:38 • deprecated_member_use
   info • Statements in an if should be enclosed in a block. Try wrapping the statement in a block • lib/games/checkers/checkers_game.dart:465:9 • curly_braces_in_flow_control_structures
   info • 'withOpacity' is deprecated and shouldn't be used. Use .withValues() to avoid precision loss. Try replacing the use of the deprecated member with the replacement • lib/games/checkers/checkers_game.dart:846:42 • deprecated_member_use
   info • 'withOpacity' is deprecated and shouldn't be used. Use .withValues() to avoid precision loss. Try replacing the use of the deprecated member with the replacement • lib/games/checkers/checkers_game.dart:847:42 • deprecated_member_use
   info • 'withOpacity' is deprecated and shouldn't be used. Use .withValues() to avoid precision loss. Try replacing the use of the deprecated member with the replacement • lib/games/checkers/checkers_game.dart:913:36 • deprecated_member_use
   info • 'withOpacity' is deprecated and shouldn't be used. Use .withValues() to avoid precision loss. Try replacing the use of the deprecated member with the replacement • lib/games/checkers/checkers_game.dart:961:34 • deprecated_member_use
   info • 'withOpacity' is deprecated and shouldn't be used. Use .withValues() to avoid precision loss. Try replacing the use of the deprecated member with the replacement • lib/games/checkers/checkers_game.dart:966:34 • deprecated_member_use
   info • 'withOpacity' is deprecated and shouldn't be used. Use .withValues() to avoid precision loss. Try replacing the use of the deprecated member with the replacement • lib/games/checkers/checkers_game.dart:978:46 • deprecated_member_use
   info • 'withOpacity' is deprecated and shouldn't be used. Use .withValues() to avoid precision loss. Try replacing the use of the deprecated member with the replacement • lib/games/checkers/checkers_game.dart:1013:33 • deprecated_member_use
   info • 'withOpacity' is deprecated and shouldn't be used. Use .withValues() to avoid precision loss. Try replacing the use of the deprecated member with the replacement • lib/games/checkers/checkers_game.dart:1016:48 • deprecated_member_use
   info • 'withOpacity' is deprecated and shouldn't be used. Use .withValues() to avoid precision loss. Try replacing the use of the deprecated member with the replacement • lib/games/checkers/checkers_game.dart:1030:41 • deprecated_member_use
warning • Unnecessary cast. Try removing the cast • lib/games/checkers/checkers_match_status.dart:124:7 • unnecessary_cast
   info • Statements in an if should be enclosed in a block. Try wrapping the statement in a block • lib/games/chess/chess_game.dart:171:45 • curly_braces_in_flow_control_structures
   info • Statements in an if should be enclosed in a block. Try wrapping the statement in a block • lib/games/chess/chess_game.dart:196:11 • curly_braces_in_flow_control_structures
   info • Statements in an if should be enclosed in a block. Try wrapping the statement in a block • lib/games/chess/chess_game.dart:199:11 • curly_braces_in_flow_control_structures
   info • Statements in a for should be enclosed in a block. Try wrapping the statement in a block • lib/games/chess/chess_game.dart:257:10 • curly_braces_in_flow_control_structures
   info • Statements in a for should be enclosed in a block. Try wrapping the statement in a block • lib/games/chess/chess_game.dart:260:9 • curly_braces_in_flow_control_structures
   info • Statements in a for should be enclosed in a block. Try wrapping the statement in a block • lib/games/chess/chess_game.dart:261:11 • curly_braces_in_flow_control_structures
   info • Statements in an if should be enclosed in a block. Try wrapping the statement in a block • lib/games/chess/chess_game.dart:265:9 • curly_braces_in_flow_control_structures
   info • Statements in a for should be enclosed in a block. Try wrapping the statement in a block • lib/games/chess/chess_game.dart:270:12 • curly_braces_in_flow_control_structures
   info • Statements in an if should be enclosed in a block. Try wrapping the statement in a block • lib/games/chess/chess_game.dart:272:9 • curly_braces_in_flow_control_structures
   info • Statements in a for should be enclosed in a block. Try wrapping the statement in a block • lib/games/chess/chess_game.dart:277:12 • curly_braces_in_flow_control_structures
   info • Statements in an if should be enclosed in a block. Try wrapping the statement in a block • lib/games/chess/chess_game.dart:288:54 • curly_braces_in_flow_control_structures
   info • Statements in an if should be enclosed in a block. Try wrapping the statement in a block • lib/games/chess/chess_game.dart:317:33 • curly_braces_in_flow_control_structures
   info • Statements in an if should be enclosed in a block. Try wrapping the statement in a block • lib/games/chicken/chicken_game.dart:114:9 • curly_braces_in_flow_control_structures
   info • Statements in an if should be enclosed in a block. Try wrapping the statement in a block • lib/games/chicken/chicken_game.dart:423:7 • curly_braces_in_flow_control_structures
   info • Statements in an if should be enclosed in a block. Try wrapping the statement in a block • lib/games/chicken/chicken_game.dart:425:7 • curly_braces_in_flow_control_structures
   info • Statements in an if should be enclosed in a block. Try wrapping the statement in a block • lib/games/chicken/chicken_game.dart:428:7 • curly_braces_in_flow_control_structures
   info • 'withOpacity' is deprecated and shouldn't be used. Use .withValues() to avoid precision loss. Try replacing the use of the deprecated member with the replacement • lib/games/chicken/chicken_game.dart:506:60 • deprecated_member_use
   info • 'withOpacity' is deprecated and shouldn't be used. Use .withValues() to avoid precision loss. Try replacing the use of the deprecated member with the replacement • lib/games/chicken/chicken_game.dart:568:52 • deprecated_member_use
   info • 'withOpacity' is deprecated and shouldn't be used. Use .withValues() to avoid precision loss. Try replacing the use of the deprecated member with the replacement • lib/games/chicken/chicken_game.dart:579:44 • deprecated_member_use
   info • 'withOpacity' is deprecated and shouldn't be used. Use .withValues() to avoid precision loss. Try replacing the use of the deprecated member with the replacement • lib/games/chicken/chicken_game.dart:596:59 • deprecated_member_use
   info • 'withOpacity' is deprecated and shouldn't be used. Use .withValues() to avoid precision loss. Try replacing the use of the deprecated member with the replacement • lib/games/chicken/chicken_game.dart:806:29 • deprecated_member_use
   info • Statements in an if should be enclosed in a block. Try wrapping the statement in a block • lib/games/domino/domino_game.dart:151:53 • curly_braces_in_flow_control_structures
   info • Statements in an if should be enclosed in a block. Try wrapping the statement in a block • lib/games/domino/domino_game.dart:239:7 • curly_braces_in_flow_control_structures
   info • Statements in an if should be enclosed in a block. Try wrapping the statement in a block • lib/games/domino/domino_game.dart:282:7 • curly_braces_in_flow_control_structures
   info • 'withOpacity' is deprecated and shouldn't be used. Use .withValues() to avoid precision loss. Try replacing the use of the deprecated member with the replacement • lib/games/domino/domino_game.dart:507:60 • deprecated_member_use
   info • 'withOpacity' is deprecated and shouldn't be used. Use .withValues() to avoid precision loss. Try replacing the use of the deprecated member with the replacement • lib/games/domino/domino_game.dart:666:35 • deprecated_member_use
   info • 'withOpacity' is deprecated and shouldn't be used. Use .withValues() to avoid precision loss. Try replacing the use of the deprecated member with the replacement • lib/games/domino/domino_game.dart:765:38 • deprecated_member_use
   info • 'withOpacity' is deprecated and shouldn't be used. Use .withValues() to avoid precision loss. Try replacing the use of the deprecated member with the replacement • lib/games/domino/domino_game.dart:804:33 • deprecated_member_use
   info • 'withOpacity' is deprecated and shouldn't be used. Use .withValues() to avoid precision loss. Try replacing the use of the deprecated member with the replacement • lib/games/domino/domino_game.dart:832:24 • deprecated_member_use
   info • 'withOpacity' is deprecated and shouldn't be used. Use .withValues() to avoid precision loss. Try replacing the use of the deprecated member with the replacement • lib/games/domino/domino_game.dart:843:42 • deprecated_member_use
   info • Statements in an if should be enclosed in a block. Try wrapping the statement in a block • lib/games/football/champions_penalty_game.dart:338:24 • curly_braces_in_flow_control_structures
   info • Statements in an if should be enclosed in a block. Try wrapping the statement in a block • lib/games/football/penalty_shootout_game.dart:139:7 • curly_braces_in_flow_control_structures
   info • Statements in an if should be enclosed in a block. Try wrapping the statement in a block • lib/games/football/penalty_shootout_game.dart:275:7 • curly_braces_in_flow_control_structures
   info • Statements in an if should be enclosed in a block. Try wrapping the statement in a block • lib/games/football/penalty_shootout_game.dart:280:25 • curly_braces_in_flow_control_structures
   info • 'value' is deprecated and shouldn't be used. Use initialValue instead. This will set the initial value for the form field. This feature was deprecated after v3.33.0-1.0.pre. Try replacing the use of the deprecated member with the replacement • lib/games/football/penalty_shootout_game.dart:404:15 • deprecated_member_use
   info • Statements in an if should be enclosed in a block. Try wrapping the statement in a block • lib/games/football/penalty_shootout_game.dart:483:25 • curly_braces_in_flow_control_structures
warning • The value of the local variable 'col' isn't used. Try removing the variable or using it • lib/games/football/penalty_shootout_game.dart:484:29 • unused_local_variable
   info • 'withOpacity' is deprecated and shouldn't be used. Use .withValues() to avoid precision loss. Try replacing the use of the deprecated member with the replacement • lib/games/football/penalty_shootout_game.dart:774:47 • deprecated_member_use
   info • 'value' is deprecated and shouldn't be used. Use initialValue instead. This will set the initial value for the form field. This feature was deprecated after v3.33.0-1.0.pre. Try replacing the use of the deprecated member with the replacement • lib/games/football/professional_penalty_game.dart:553:13 • deprecated_member_use
   info • 'withOpacity' is deprecated and shouldn't be used. Use .withValues() to avoid precision loss. Try replacing the use of the deprecated member with the replacement • lib/games/football/professional_penalty_game.dart:558:39 • deprecated_member_use
   info • 'withOpacity' is deprecated and shouldn't be used. Use .withValues() to avoid precision loss. Try replacing the use of the deprecated member with the replacement • lib/games/football/realistic_football_sprite.dart:65:51 • deprecated_member_use
warning • The value of the local variable 'plantT' isn't used. Try removing the variable or using it • lib/games/football/realistic_penalty_scene.dart:49:15 • unused_local_variable
   info • 'withOpacity' is deprecated and shouldn't be used. Use .withValues() to avoid precision loss. Try replacing the use of the deprecated member with the replacement • lib/games/football/realistic_penalty_scene.dart:174:39 • deprecated_member_use
   info • 'withOpacity' is deprecated and shouldn't be used. Use .withValues() to avoid precision loss. Try replacing the use of the deprecated member with the replacement • lib/games/football/realistic_penalty_scene.dart:177:39 • deprecated_member_use
   info • 'withOpacity' is deprecated and shouldn't be used. Use .withValues() to avoid precision loss. Try replacing the use of the deprecated member with the replacement • lib/games/football/realistic_penalty_scene.dart:195:48 • deprecated_member_use
   info • 'withOpacity' is deprecated and shouldn't be used. Use .withValues() to avoid precision loss. Try replacing the use of the deprecated member with the replacement • lib/games/football/realistic_penalty_scene.dart:199:37 • deprecated_member_use
   info • 'withOpacity' is deprecated and shouldn't be used. Use .withValues() to avoid precision loss. Try replacing the use of the deprecated member with the replacement • lib/games/football/realistic_penalty_scene.dart:212:30 • deprecated_member_use
   info • 'withOpacity' is deprecated and shouldn't be used. Use .withValues() to avoid precision loss. Try replacing the use of the deprecated member with the replacement • lib/games/football/realistic_penalty_scene.dart:242:40 • deprecated_member_use
   info • 'withOpacity' is deprecated and shouldn't be used. Use .withValues() to avoid precision loss. Try replacing the use of the deprecated member with the replacement • lib/games/football/realistic_penalty_scene.dart:369:23 • deprecated_member_use
   info • 'withOpacity' is deprecated and shouldn't be used. Use .withValues() to avoid precision loss. Try replacing the use of the deprecated member with the replacement • lib/games/football/realistic_penalty_scene.dart:370:26 • deprecated_member_use
   info • 'withOpacity' is deprecated and shouldn't be used. Use .withValues() to avoid precision loss. Try replacing the use of the deprecated member with the replacement • lib/games/football/realistic_penalty_scene.dart:381:39 • deprecated_member_use
   info • 'withOpacity' is deprecated and shouldn't be used. Use .withValues() to avoid precision loss. Try replacing the use of the deprecated member with the replacement • lib/games/football/realistic_penalty_scene.dart:411:45 • deprecated_member_use
   info • 'withOpacity' is deprecated and shouldn't be used. Use .withValues() to avoid precision loss. Try replacing the use of the deprecated member with the replacement • lib/games/football/realistic_penalty_scene.dart:433:34 • deprecated_member_use
   info • 'withOpacity' is deprecated and shouldn't be used. Use .withValues() to avoid precision loss. Try replacing the use of the deprecated member with the replacement • lib/games/football/stable_penalty_scene.dart:333:30 • deprecated_member_use
   info • 'withOpacity' is deprecated and shouldn't be used. Use .withValues() to avoid precision loss. Try replacing the use of the deprecated member with the replacement • lib/games/football/stable_penalty_scene.dart:346:41 • deprecated_member_use
   info • 'withOpacity' is deprecated and shouldn't be used. Use .withValues() to avoid precision loss. Try replacing the use of the deprecated member with the replacement • lib/games/football/stable_penalty_scene.dart:347:41 • deprecated_member_use
   info • 'withOpacity' is deprecated and shouldn't be used. Use .withValues() to avoid precision loss. Try replacing the use of the deprecated member with the replacement • lib/games/football/stable_penalty_scene.dart:369:29 • deprecated_member_use
   info • 'withOpacity' is deprecated and shouldn't be used. Use .withValues() to avoid precision loss. Try replacing the use of the deprecated member with the replacement • lib/games/football/stable_penalty_scene.dart:372:44 • deprecated_member_use
   info • 'withOpacity' is deprecated and shouldn't be used. Use .withValues() to avoid precision loss. Try replacing the use of the deprecated member with the replacement • lib/games/football/stable_penalty_scene.dart:386:30 • deprecated_member_use
   info • 'withOpacity' is deprecated and shouldn't be used. Use .withValues() to avoid precision loss. Try replacing the use of the deprecated member with the replacement • lib/games/football/stable_penalty_scene.dart:416:40 • deprecated_member_use
   info • 'withOpacity' is deprecated and shouldn't be used. Use .withValues() to avoid precision loss. Try replacing the use of the deprecated member with the replacement • lib/games/football/stable_penalty_scene.dart:475:27 • deprecated_member_use
   info • 'withOpacity' is deprecated and shouldn't be used. Use .withValues() to avoid precision loss. Try replacing the use of the deprecated member with the replacement • lib/games/football/stable_penalty_scene.dart:488:32 • deprecated_member_use
   info • 'withOpacity' is deprecated and shouldn't be used. Use .withValues() to avoid precision loss. Try replacing the use of the deprecated member with the replacement • lib/games/football/stable_penalty_scene.dart:508:34 • deprecated_member_use
   info • 'withOpacity' is deprecated and shouldn't be used. Use .withValues() to avoid precision loss. Try replacing the use of the deprecated member with the replacement • lib/games/football/stable_penalty_scene.dart:521:46 • deprecated_member_use
   info • 'withOpacity' is deprecated and shouldn't be used. Use .withValues() to avoid precision loss. Try replacing the use of the deprecated member with the replacement • lib/games/football/stable_penalty_scene.dart:533:39 • deprecated_member_use
   info • 'withOpacity' is deprecated and shouldn't be used. Use .withValues() to avoid precision loss. Try replacing the use of the deprecated member with the replacement • lib/games/football/stable_penalty_scene.dart:554:41 • deprecated_member_use
   info • 'withOpacity' is deprecated and shouldn't be used. Use .withValues() to avoid precision loss. Try replacing the use of the deprecated member with the replacement • lib/games/football/stable_penalty_scene.dart:579:41 • deprecated_member_use
   info • 'withOpacity' is deprecated and shouldn't be used. Use .withValues() to avoid precision loss. Try replacing the use of the deprecated member with the replacement • lib/games/football/stable_penalty_scene.dart:589:30 • deprecated_member_use
   info • 'withOpacity' is deprecated and shouldn't be used. Use .withValues() to avoid precision loss. Try replacing the use of the deprecated member with the replacement • lib/games/football/stable_penalty_scene.dart:686:23 • deprecated_member_use
   info • 'withOpacity' is deprecated and shouldn't be used. Use .withValues() to avoid precision loss. Try replacing the use of the deprecated member with the replacement • lib/games/football/stable_penalty_scene.dart:687:23 • deprecated_member_use
   info • 'withOpacity' is deprecated and shouldn't be used. Use .withValues() to avoid precision loss. Try replacing the use of the deprecated member with the replacement • lib/games/football/stable_penalty_scene.dart:688:26 • deprecated_member_use
   info • 'withOpacity' is deprecated and shouldn't be used. Use .withValues() to avoid precision loss. Try replacing the use of the deprecated member with the replacement • lib/games/football/stable_penalty_scene.dart:705:32 • deprecated_member_use
   info • 'withOpacity' is deprecated and shouldn't be used. Use .withValues() to avoid precision loss. Try replacing the use of the deprecated member with the replacement • lib/games/football/stable_penalty_scene.dart:750:30 • deprecated_member_use
   info • 'withOpacity' is deprecated and shouldn't be used. Use .withValues() to avoid precision loss. Try replacing the use of the deprecated member with the replacement • lib/games/football/stable_penalty_scene.dart:761:48 • deprecated_member_use
   info • 'withOpacity' is deprecated and shouldn't be used. Use .withValues() to avoid precision loss. Try replacing the use of the deprecated member with the replacement • lib/games/football/stable_penalty_scene.dart:766:30 • deprecated_member_use
   info • 'withOpacity' is deprecated and shouldn't be used. Use .withValues() to avoid precision loss. Try replacing the use of the deprecated member with the replacement • lib/games/football/stable_penalty_scene.dart:784:43 • deprecated_member_use
   info • 'withOpacity' is deprecated and shouldn't be used. Use .withValues() to avoid precision loss. Try replacing the use of the deprecated member with the replacement • lib/games/football/stable_penalty_scene.dart:855:25 • deprecated_member_use
   info • 'withOpacity' is deprecated and shouldn't be used. Use .withValues() to avoid precision loss. Try replacing the use of the deprecated member with the replacement • lib/games/football/stable_penalty_scene.dart:864:32 • deprecated_member_use
   info • 'withOpacity' is deprecated and shouldn't be used. Use .withValues() to avoid precision loss. Try replacing the use of the deprecated member with the replacement • lib/games/football/stable_penalty_scene.dart:873:43 • deprecated_member_use
   info • 'value' is deprecated and shouldn't be used. Use component accessors like .r or .g, or toARGB32 for an explicit conversion. Try replacing the use of the deprecated member with the replacement • lib/games/line_games/line_games.dart:589:51 • deprecated_member_use
   info • 'withOpacity' is deprecated and shouldn't be used. Use .withValues() to avoid precision loss. Try replacing the use of the deprecated member with the replacement • lib/games/line_games/line_games.dart:952:30 • deprecated_member_use
   info • Statements in an if should be enclosed in a block. Try wrapping the statement in a block • lib/games/name_animal_object/iphone_web_bridge.dart:148:11 • curly_braces_in_flow_control_structures
   info • Statements in an if should be enclosed in a block. Try wrapping the statement in a block • lib/games/name_animal_object/name_animal_object_game.dart:214:7 • curly_braces_in_flow_control_structures
   info • Statements in an if should be enclosed in a block. Try wrapping the statement in a block • lib/games/name_animal_object/name_animal_object_game.dart:224:7 • curly_braces_in_flow_control_structures
   info • Statements in an if should be enclosed in a block. Try wrapping the statement in a block • lib/games/name_animal_object/name_animal_object_game.dart:321:7 • curly_braces_in_flow_control_structures
   info • Don't use 'BuildContext's across async gaps. Try rewriting the code to not use the 'BuildContext', or guard the use with a 'mounted' check • lib/games/name_animal_object/name_animal_object_game.dart:478:26 • use_build_context_synchronously
   info • Statements in an if should be enclosed in a block. Try wrapping the statement in a block • lib/games/name_animal_object/name_animal_object_game.dart:555:7 • curly_braces_in_flow_control_structures
   info • Statements in an if should be enclosed in a block. Try wrapping the statement in a block • lib/games/xo/xo_game.dart:132:7 • curly_braces_in_flow_control_structures
   info • Statements in an if should be enclosed in a block. Try wrapping the statement in a block • lib/games/xo/xo_game.dart:220:23 • curly_braces_in_flow_control_structures
   info • Statements in an if should be enclosed in a block. Try wrapping the statement in a block • lib/games/xo/xo_game.dart:375:36 • curly_braces_in_flow_control_structures
   info • 'withOpacity' is deprecated and shouldn't be used. Use .withValues() to avoid precision loss. Try replacing the use of the deprecated member with the replacement • lib/games/xo/xo_game.dart:535:22 • deprecated_member_use
   info • 'value' is deprecated and shouldn't be used. Use initialValue instead. This will set the initial value for the form field. This feature was deprecated after v3.33.0-1.0.pre. Try replacing the use of the deprecated member with the replacement • lib/lan/screens/lan_home_screen.dart:122:21 • deprecated_member_use
   info • 'withOpacity' is deprecated and shouldn't be used. Use .withValues() to avoid precision loss. Try replacing the use of the deprecated member with the replacement • lib/lan/screens/lan_home_screen.dart:178:32 • deprecated_member_use
   info • 'withOpacity' is deprecated and shouldn't be used. Use .withValues() to avoid precision loss. Try replacing the use of the deprecated member with the replacement • lib/main.dart:362:24 • deprecated_member_use
   info • 'withOpacity' is deprecated and shouldn't be used. Use .withValues() to avoid precision loss. Try replacing the use of the deprecated member with the replacement • lib/main.dart:364:43 • deprecated_member_use
   info • 'withOpacity' is deprecated and shouldn't be used. Use .withValues() to avoid precision loss. Try replacing the use of the deprecated member with the replacement • lib/main.dart:517:45 • deprecated_member_use
   info • 'withOpacity' is deprecated and shouldn't be used. Use .withValues() to avoid precision loss. Try replacing the use of the deprecated member with the replacement • lib/main.dart:528:41 • deprecated_member_use
   info • 'withOpacity' is deprecated and shouldn't be used. Use .withValues() to avoid precision loss. Try replacing the use of the deprecated member with the replacement • lib/main.dart:530:60 • deprecated_member_use
   info • 'withOpacity' is deprecated and shouldn't be used. Use .withValues() to avoid precision loss. Try replacing the use of the deprecated member with the replacement • lib/network/wifi_lobby_screen.dart:66:50 • deprecated_member_use

125 issues found. (ran in 6.3s)
=== BUILD APK ===
Running Gradle task 'assembleRelease'...                        
Checking the license for package CMake 3.22.1 in /usr/local/lib/android/sdk/licenses
License for package CMake 3.22.1 accepted.
Preparing "Install CMake 3.22.1 v.3.22.1".
"Install CMake 3.22.1 v.3.22.1" ready.
Installing CMake 3.22.1 in /usr/local/lib/android/sdk/cmake/3.22.1
"Install CMake 3.22.1 v.3.22.1" complete.
"Install CMake 3.22.1 v.3.22.1" finished.
Font asset "MaterialIcons-Regular.otf" was tree-shaken, reducing it from 1645184 to 12072 bytes (99.3% reduction). Tree-shaking can be disabled by providing the --no-tree-shake-icons flag when building your app.
Caught exception: Already watching path: /home/runner/work/gameslocal/gameslocal/android
Running Gradle task 'assembleRelease'...                          193.7s
✓ Built build/app/outputs/flutter-apk/app-release.apk (54.2MB)
CREATE_CODE=0
MANIFEST_CODE=0
PUB_CODE=0
ANALYZE_CODE=0
BUILD_CODE=0
RESULT=SUCCESS
